<?xml version="1.0" encoding="UTF-8"?>
<TestRun id="cda7d79b-7379-4a84-b161-c32228f57ad7" name="raphael.cruzeiro@PIANO 2010-10-25 17:50:32" runUser="PIANO\raphael.cruzeiro" xmlns="http://microsoft.com/schemas/VisualStudio/TeamTest/2010">
  <TestSettings name="Default Test Settings" id="3d82696a-eab0-4590-9028-8a57958030fe">
    <Deployment runDeploymentRoot="raphael.cruzeiro_PIANO 2010-10-25 17_50_32">
      <DeploymentItem filename="E:\Users\raphael.cruzeiro\Documents\Projects\open\Web.Generics\lib\NHibernate\Antlr3.Runtime.dll" />
      <DeploymentItem filename="E:\Users\raphael.cruzeiro\Documents\Projects\open\Web.Generics\Web.Generics.Web\bin\Debug\Web.Generics.Web.dll" />
      <DeploymentItem filename="E:\Users\raphael.cruzeiro\Documents\Projects\open\Web.Generics\Inspira.Blog\bin\Debug\Inspira.Blog.dll" />
      <DeploymentItem filename="E:\Users\raphael.cruzeiro\Documents\Projects\open\Web.Generics\lib\NHibernate\NHibernate.dll" />
      <DeploymentItem filename="E:\Users\raphael.cruzeiro\Documents\Projects\open\Web.Generics\lib\NHibernate\Iesi.Collections.dll" />
      <DeploymentItem filename="E:\Users\raphael.cruzeiro\Documents\Projects\open\Web.Generics\Web.Generics\bin\Debug\Web.Generics.dll" />
      <DeploymentItem filename="E:\Users\raphael.cruzeiro\Documents\Projects\open\Web.Generics\lib\NHibernate\System.Data.SQLite.dll" />
      <DeploymentItem filename="E:\Users\raphael.cruzeiro\Documents\Projects\open\Web.Generics\Web.Generics.Futures\bin\Debug\Web.Generics.Futures.dll" />
      <DeploymentItem filename="E:\Users\raphael.cruzeiro\Documents\Projects\open\Web.Generics\lib\NHibernate\FluentNHibernate.dll" />
      <DeploymentItem filename="E:\Users\raphael.cruzeiro\Documents\Projects\open\Web.Generics\lib\NHibernate\NHibernate.ByteCode.LinFu.dll" />
      <DeploymentItem filename="E:\Users\raphael.cruzeiro\Documents\Projects\open\Web.Generics\Web.Generics.WebMvc\bin\Debug\Web.Generics.WebMvc.dll" />
      <DeploymentItem filename="E:\Users\raphael.cruzeiro\Documents\Projects\open\Web.Generics\lib\NHibernate\log4net.dll" />
      <DeploymentItem filename="E:\Users\raphael.cruzeiro\Documents\Projects\open\Web.Generics\lib\Moq\Moq.dll" />
      <DeploymentItem filename="E:\Users\raphael.cruzeiro\Documents\Projects\open\Web.Generics\Inspira.Blog.DomainModel\bin\Debug\Inspira.Blog.DomainModel.dll" />
    </Deployment>
    <Execution>
      <TestTypeSpecific />
      <AgentRule name="Execution Agents">
      </AgentRule>
    </Execution>
  </TestSettings>
  <Times creation="2010-10-25T17:50:32.0070775-02:00" queuing="2010-10-25T17:50:34.2208030-02:00" start="2010-10-25T17:50:34.7832670-02:00" finish="2010-10-25T17:50:43.9320955-02:00" />
  <ResultSummary outcome="Error">
    <Counters total="27" executed="2" passed="1" error="0" failed="0" timeout="0" aborted="1" inconclusive="0" passedButRunAborted="0" notRunnable="0" notExecuted="25" disconnected="0" warning="0" completed="0" inProgress="0" pending="0" />
    <RunInfos>
      <RunInfo computerName="PIANO" outcome="Warning" timestamp="2010-10-25T17:50:32.3400640-02:00">
        <Text>Warning: Test Run deployment issue: The assembly or module 'Microsoft.Practices.ServiceLocation' directly or indirectly referenced by the test container 'e:\users\raphael.cruzeiro\documents\projects\open\web.generics\web.generics.tests\bin\debug\web.generics.tests.dll' was not found.</Text>
      </RunInfo>
      <RunInfo computerName="PIANO" outcome="Error" timestamp="2010-10-25T17:50:43.9252600-02:00">
        <Text>Test host process exited unexpectedly.</Text>
      </RunInfo>
    </RunInfos>
  </ResultSummary>
  <TestDefinitions>
    <UnitTest name="Register_Interface_And_Resolve_To_Implementation_Without_Chaining" storage="e:\users\raphael.cruzeiro\documents\projects\open\web.generics\web.generics.tests\bin\debug\web.generics.tests.dll" id="26b86960-9ce0-9813-79f0-22eb253ddaa4">
      <Execution id="13d0692e-7216-4743-89bc-e11ad9cc5869" />
      <TestMethod codeBase="E:/Users/raphael.cruzeiro/Documents/Projects/open/Web.Generics/Web.Generics.Tests/bin/Debug/Web.Generics.Tests.DLL" adapterTypeName="Microsoft.VisualStudio.TestTools.TestTypes.Unit.UnitTestAdapter, Microsoft.VisualStudio.QualityTools.Tips.UnitTest.Adapter, Version=10.0.0.0, Culture=neutral, PublicKeyToken=b03f5f7f11d50a3a" className="Web.Generics.Tests.Infrastructure_InversionOfControl_Tests, Web.Generics.Tests, Version=1.0.0.0, Culture=neutral, PublicKeyToken=null" name="Register_Interface_And_Resolve_To_Implementation_Without_Chaining" />
    </UnitTest>
    <UnitTest name="Resolve_Controller_With_Generic_Implementations" storage="e:\users\raphael.cruzeiro\documents\projects\open\web.generics\web.generics.tests\bin\debug\web.generics.tests.dll" id="9fc42f36-ca29-aff9-0c1e-58648d096479">
      <Execution id="375b5740-7844-47eb-95d5-c5471b1649f4" />
      <TestMethod codeBase="E:/Users/raphael.cruzeiro/Documents/Projects/open/Web.Generics/Web.Generics.Tests/bin/Debug/Web.Generics.Tests.DLL" adapterTypeName="Microsoft.VisualStudio.TestTools.TestTypes.Unit.UnitTestAdapter, Microsoft.VisualStudio.QualityTools.Tips.UnitTest.Adapter, Version=10.0.0.0, Culture=neutral, PublicKeyToken=b03f5f7f11d50a3a" className="Web.Generics.Tests.Infrastructure_InversionOfControl_Tests, Web.Generics.Tests, Version=1.0.0.0, Culture=neutral, PublicKeyToken=null" name="Resolve_Controller_With_Generic_Implementations" />
    </UnitTest>
    <UnitTest name="Default_sortinginfo_is_null_property_ascending_with_sorting_disabled" storage="e:\users\raphael.cruzeiro\documents\projects\open\web.generics\web.generics.tests\bin\debug\web.generics.tests.dll" id="20883c91-712f-7bd9-84c5-0e6b4f0b789d">
      <Execution id="bdf5cadf-c59e-44e1-acb4-faa2783bb69c" />
      <TestMethod codeBase="E:/Users/raphael.cruzeiro/Documents/Projects/open/Web.Generics/Web.Generics.Tests/bin/Debug/Web.Generics.Tests.DLL" adapterTypeName="Microsoft.VisualStudio.TestTools.TestTypes.Unit.UnitTestAdapter, Microsoft.VisualStudio.QualityTools.Tips.UnitTest.Adapter, Version=10.0.0.0, Culture=neutral, PublicKeyToken=b03f5f7f11d50a3a" className="Web.Generics.Tests.UserInterface.Given_a_repository_with_7_elements, Web.Generics.Tests, Version=1.0.0.0, Culture=neutral, PublicKeyToken=null" name="Default_sortinginfo_is_null_property_ascending_with_sorting_disabled" />
    </UnitTest>
    <UnitTest name="All_null_parameters_brings_all_values" storage="e:\users\raphael.cruzeiro\documents\projects\open\web.generics\web.generics.tests\bin\debug\web.generics.tests.dll" id="6d4cc1b8-84b5-98a2-bb17-b334fc688462">
      <Execution id="2749ffcf-a323-4dbe-9fd8-ab46d5262207" />
      <TestMethod codeBase="E:/Users/raphael.cruzeiro/Documents/Projects/open/Web.Generics/Web.Generics.Tests/bin/Debug/Web.Generics.Tests.DLL" adapterTypeName="Microsoft.VisualStudio.TestTools.TestTypes.Unit.UnitTestAdapter, Microsoft.VisualStudio.QualityTools.Tips.UnitTest.Adapter, Version=10.0.0.0, Culture=neutral, PublicKeyToken=b03f5f7f11d50a3a" className="Web.Generics.Tests.UserInterface.Given_a_repository_with_7_elements, Web.Generics.Tests, Version=1.0.0.0, Culture=neutral, PublicKeyToken=null" name="All_null_parameters_brings_all_values" />
    </UnitTest>
    <UnitTest name="Insert_child_does_not_load_children_v2" storage="e:\users\raphael.cruzeiro\documents\projects\open\web.generics\web.generics.tests\bin\debug\web.generics.tests.dll" id="aac57191-7373-4d93-174a-e11b361b9a1b">
      <Execution id="0332599e-912a-43f1-b60e-72329703ee2e" />
      <TestMethod codeBase="E:/Users/raphael.cruzeiro/Documents/Projects/open/Web.Generics/Web.Generics.Tests/bin/Debug/Web.Generics.Tests.DLL" adapterTypeName="Microsoft.VisualStudio.TestTools.TestTypes.Unit.UnitTestAdapter, Microsoft.VisualStudio.QualityTools.Tips.UnitTest.Adapter, Version=10.0.0.0, Culture=neutral, PublicKeyToken=b03f5f7f11d50a3a" className="Web.Generics.Tests.NHibernateSessionTests, Web.Generics.Tests, Version=1.0.0.0, Culture=neutral, PublicKeyToken=null" name="Insert_child_does_not_load_children_v2" />
    </UnitTest>
    <UnitTest name="Register_with_existing_username_returns_ExistingUsername_state" storage="e:\users\raphael.cruzeiro\documents\projects\open\web.generics\web.generics.tests\bin\debug\web.generics.tests.dll" id="32bcb943-d87d-582b-883d-16c950347d82">
      <Execution id="030347aa-a6d1-4919-8589-6b02dce0e3dc" />
      <TestMethod codeBase="E:/Users/raphael.cruzeiro/Documents/Projects/open/Web.Generics/Web.Generics.Tests/bin/Debug/Web.Generics.Tests.DLL" adapterTypeName="Microsoft.VisualStudio.TestTools.TestTypes.Unit.UnitTestAdapter, Microsoft.VisualStudio.QualityTools.Tips.UnitTest.Adapter, Version=10.0.0.0, Culture=neutral, PublicKeyToken=b03f5f7f11d50a3a" className="Web.Generics.Tests.Authentication.MembershipServicesTests, Web.Generics.Tests, Version=1.0.0.0, Culture=neutral, PublicKeyToken=null" name="Register_with_existing_username_returns_ExistingUsername_state" />
    </UnitTest>
    <UnitTest name="InsertPostWithNullableProperty" storage="e:\users\raphael.cruzeiro\documents\projects\open\web.generics\web.generics.tests\bin\debug\web.generics.tests.dll" id="afec351d-c5bd-e807-4f9f-6c708da25c8f">
      <Execution id="23c17b60-3d78-465d-8f60-77a06b246a12" />
      <TestMethod codeBase="E:/Users/raphael.cruzeiro/Documents/Projects/open/Web.Generics/Web.Generics.Tests/bin/Debug/Web.Generics.Tests.DLL" adapterTypeName="Microsoft.VisualStudio.TestTools.TestTypes.Unit.UnitTestAdapter, Microsoft.VisualStudio.QualityTools.Tips.UnitTest.Adapter, Version=10.0.0.0, Culture=neutral, PublicKeyToken=b03f5f7f11d50a3a" className="Web.Generics.Tests.Infrastructure_Repository_Tests, Web.Generics.Tests, Version=1.0.0.0, Culture=neutral, PublicKeyToken=null" name="InsertPostWithNullableProperty" />
    </UnitTest>
    <UnitTest name="List_Posts_By_Date_Range" storage="e:\users\raphael.cruzeiro\documents\projects\open\web.generics\web.generics.tests\bin\debug\web.generics.tests.dll" id="8aafd531-d21c-00a8-ee90-e1b37e3a3694">
      <Execution id="53884ea9-047d-4d9b-8ec3-8e0a4a4f3481" />
      <TestMethod codeBase="E:/Users/raphael.cruzeiro/Documents/Projects/open/Web.Generics/Web.Generics.Tests/bin/Debug/Web.Generics.Tests.DLL" adapterTypeName="Microsoft.VisualStudio.TestTools.TestTypes.Unit.UnitTestAdapter, Microsoft.VisualStudio.QualityTools.Tips.UnitTest.Adapter, Version=10.0.0.0, Culture=neutral, PublicKeyToken=b03f5f7f11d50a3a" className="Inspira.Blog.Tests.Blog_Services, Web.Generics.Tests, Version=1.0.0.0, Culture=neutral, PublicKeyToken=null" name="List_Posts_By_Date_Range" />
    </UnitTest>
    <UnitTest name="Resolve_Controller_With_Specific_Controller_And_ViewModel" storage="e:\users\raphael.cruzeiro\documents\projects\open\web.generics\web.generics.tests\bin\debug\web.generics.tests.dll" id="e7a87bf2-4851-5b1c-7df0-92fdcafd03ca">
      <Execution id="214c3b24-216b-4e31-8715-aaed4a3b5718" />
      <TestMethod codeBase="E:/Users/raphael.cruzeiro/Documents/Projects/open/Web.Generics/Web.Generics.Tests/bin/Debug/Web.Generics.Tests.DLL" adapterTypeName="Microsoft.VisualStudio.TestTools.TestTypes.Unit.UnitTestAdapter, Microsoft.VisualStudio.QualityTools.Tips.UnitTest.Adapter, Version=10.0.0.0, Culture=neutral, PublicKeyToken=b03f5f7f11d50a3a" className="Web.Generics.Tests.Infrastructure_InversionOfControl_Tests, Web.Generics.Tests, Version=1.0.0.0, Culture=neutral, PublicKeyToken=null" name="Resolve_Controller_With_Specific_Controller_And_ViewModel" />
    </UnitTest>
    <UnitTest name="Pagesize_10_and_pageindex_1_must_return_7_rows" storage="e:\users\raphael.cruzeiro\documents\projects\open\web.generics\web.generics.tests\bin\debug\web.generics.tests.dll" id="2bbbf406-154d-cfeb-98b8-963991468c1d">
      <Execution id="b6947145-92f4-42bc-bc0a-80d48de56bc2" />
      <TestMethod codeBase="E:/Users/raphael.cruzeiro/Documents/Projects/open/Web.Generics/Web.Generics.Tests/bin/Debug/Web.Generics.Tests.DLL" adapterTypeName="Microsoft.VisualStudio.TestTools.TestTypes.Unit.UnitTestAdapter, Microsoft.VisualStudio.QualityTools.Tips.UnitTest.Adapter, Version=10.0.0.0, Culture=neutral, PublicKeyToken=b03f5f7f11d50a3a" className="Web.Generics.Tests.UserInterface.Given_a_repository_with_7_elements, Web.Generics.Tests, Version=1.0.0.0, Culture=neutral, PublicKeyToken=null" name="Pagesize_10_and_pageindex_1_must_return_7_rows" />
    </UnitTest>
    <UnitTest name="Search_with_null_parameters_must_return_all_7_rows" storage="e:\users\raphael.cruzeiro\documents\projects\open\web.generics\web.generics.tests\bin\debug\web.generics.tests.dll" id="168fbeca-bfc1-581c-b9ec-3c4572d00ed1">
      <Execution id="d9781b32-2725-4426-b900-4471f6199753" />
      <TestMethod codeBase="E:/Users/raphael.cruzeiro/Documents/Projects/open/Web.Generics/Web.Generics.Tests/bin/Debug/Web.Generics.Tests.DLL" adapterTypeName="Microsoft.VisualStudio.TestTools.TestTypes.Unit.UnitTestAdapter, Microsoft.VisualStudio.QualityTools.Tips.UnitTest.Adapter, Version=10.0.0.0, Culture=neutral, PublicKeyToken=b03f5f7f11d50a3a" className="Web.Generics.Tests.UserInterface.Given_a_repository_with_7_elements, Web.Generics.Tests, Version=1.0.0.0, Culture=neutral, PublicKeyToken=null" name="Search_with_null_parameters_must_return_all_7_rows" />
    </UnitTest>
    <UnitTest name="Resolve_With_Chaining" storage="e:\users\raphael.cruzeiro\documents\projects\open\web.generics\web.generics.tests\bin\debug\web.generics.tests.dll" id="ef70adab-cbca-46bf-0d19-52da0a032597">
      <Execution id="6185a7b2-4b9f-4eb1-a63f-9b97560049ca" />
      <TestMethod codeBase="E:/Users/raphael.cruzeiro/Documents/Projects/open/Web.Generics/Web.Generics.Tests/bin/Debug/Web.Generics.Tests.DLL" adapterTypeName="Microsoft.VisualStudio.TestTools.TestTypes.Unit.UnitTestAdapter, Microsoft.VisualStudio.QualityTools.Tips.UnitTest.Adapter, Version=10.0.0.0, Culture=neutral, PublicKeyToken=b03f5f7f11d50a3a" className="Web.Generics.Tests.Infrastructure_InversionOfControl_Tests, Web.Generics.Tests, Version=1.0.0.0, Culture=neutral, PublicKeyToken=null" name="Resolve_With_Chaining" />
    </UnitTest>
    <UnitTest name="Log" storage="e:\users\raphael.cruzeiro\documents\projects\open\web.generics\web.generics.tests\bin\debug\web.generics.tests.dll" id="3dd40f28-a6cf-b821-cc15-2eeb654b586d">
      <Execution id="0d20e988-f1b6-4025-979c-a4ee763432af" />
      <TestMethod codeBase="E:/Users/raphael.cruzeiro/Documents/Projects/open/Web.Generics/Web.Generics.Tests/bin/Debug/Web.Generics.Tests.DLL" adapterTypeName="Microsoft.VisualStudio.TestTools.TestTypes.Unit.UnitTestAdapter, Microsoft.VisualStudio.QualityTools.Tips.UnitTest.Adapter, Version=10.0.0.0, Culture=neutral, PublicKeyToken=b03f5f7f11d50a3a" className="Web.Generics.Tests.Infrastructure_Logging_Tests, Web.Generics.Tests, Version=1.0.0.0, Culture=neutral, PublicKeyToken=null" name="Log" />
    </UnitTest>
    <UnitTest name="Insert_child_does_not_load_children" storage="e:\users\raphael.cruzeiro\documents\projects\open\web.generics\web.generics.tests\bin\debug\web.generics.tests.dll" id="1e6af77b-1d3b-9555-806e-265331e477a5">
      <Execution id="3ee82aa6-89c8-4a98-b482-4207810a8086" />
      <TestMethod codeBase="E:/Users/raphael.cruzeiro/Documents/Projects/open/Web.Generics/Web.Generics.Tests/bin/Debug/Web.Generics.Tests.DLL" adapterTypeName="Microsoft.VisualStudio.TestTools.TestTypes.Unit.UnitTestAdapter, Microsoft.VisualStudio.QualityTools.Tips.UnitTest.Adapter, Version=10.0.0.0, Culture=neutral, PublicKeyToken=b03f5f7f11d50a3a" className="Web.Generics.Tests.NHibernateSessionTests, Web.Generics.Tests, Version=1.0.0.0, Culture=neutral, PublicKeyToken=null" name="Insert_child_does_not_load_children" />
    </UnitTest>
    <UnitTest name="Resolve_Controller_With_Generic_Controller_And_Specific_ViewModel" storage="e:\users\raphael.cruzeiro\documents\projects\open\web.generics\web.generics.tests\bin\debug\web.generics.tests.dll" id="700866d8-e2eb-49cb-74d4-1ae85ea12f69">
      <Execution id="c58892ba-e5cb-40b2-b229-3ae822e17714" />
      <TestMethod codeBase="E:/Users/raphael.cruzeiro/Documents/Projects/open/Web.Generics/Web.Generics.Tests/bin/Debug/Web.Generics.Tests.DLL" adapterTypeName="Microsoft.VisualStudio.TestTools.TestTypes.Unit.UnitTestAdapter, Microsoft.VisualStudio.QualityTools.Tips.UnitTest.Adapter, Version=10.0.0.0, Culture=neutral, PublicKeyToken=b03f5f7f11d50a3a" className="Web.Generics.Tests.Infrastructure_InversionOfControl_Tests, Web.Generics.Tests, Version=1.0.0.0, Culture=neutral, PublicKeyToken=null" name="Resolve_Controller_With_Generic_Controller_And_Specific_ViewModel" />
    </UnitTest>
    <UnitTest name="SelectWithLambdaExpressions" storage="e:\users\raphael.cruzeiro\documents\projects\open\web.generics\web.generics.tests\bin\debug\web.generics.tests.dll" id="e8e3591b-e3ff-7a0c-2871-7ffb31567b9f">
      <Execution id="ce5f5d08-31d0-442e-97f5-6d4b2ff3429a" />
      <TestMethod codeBase="E:/Users/raphael.cruzeiro/Documents/Projects/open/Web.Generics/Web.Generics.Tests/bin/Debug/Web.Generics.Tests.DLL" adapterTypeName="Microsoft.VisualStudio.TestTools.TestTypes.Unit.UnitTestAdapter, Microsoft.VisualStudio.QualityTools.Tips.UnitTest.Adapter, Version=10.0.0.0, Culture=neutral, PublicKeyToken=b03f5f7f11d50a3a" className="Web.Generics.Tests.Infrastructure_Repository_Tests, Web.Generics.Tests, Version=1.0.0.0, Culture=neutral, PublicKeyToken=null" name="SelectWithLambdaExpressions" />
    </UnitTest>
    <UnitTest name="Register_with_valid_data_inserts_user_into_database_and_returns_them" storage="e:\users\raphael.cruzeiro\documents\projects\open\web.generics\web.generics.tests\bin\debug\web.generics.tests.dll" id="62e7782a-96ba-f050-32e7-bd90d51e8098">
      <Execution id="c007382b-2525-487c-b527-e7dd3bbc7d6a" />
      <TestMethod codeBase="E:/Users/raphael.cruzeiro/Documents/Projects/open/Web.Generics/Web.Generics.Tests/bin/Debug/Web.Generics.Tests.DLL" adapterTypeName="Microsoft.VisualStudio.TestTools.TestTypes.Unit.UnitTestAdapter, Microsoft.VisualStudio.QualityTools.Tips.UnitTest.Adapter, Version=10.0.0.0, Culture=neutral, PublicKeyToken=b03f5f7f11d50a3a" className="Web.Generics.Tests.Authentication.MembershipServicesTests, Web.Generics.Tests, Version=1.0.0.0, Culture=neutral, PublicKeyToken=null" name="Register_with_valid_data_inserts_user_into_database_and_returns_them" />
    </UnitTest>
    <UnitTest name="Paging" storage="e:\users\raphael.cruzeiro\documents\projects\open\web.generics\web.generics.tests\bin\debug\web.generics.tests.dll" id="6631986b-0730-1229-232f-35d009da40d6">
      <Execution id="4c02735a-39ab-42e2-a389-c736a8ce9677" />
      <TestMethod codeBase="E:/Users/raphael.cruzeiro/Documents/Projects/open/Web.Generics/Web.Generics.Tests/bin/Debug/Web.Generics.Tests.DLL" adapterTypeName="Microsoft.VisualStudio.TestTools.TestTypes.Unit.UnitTestAdapter, Microsoft.VisualStudio.QualityTools.Tips.UnitTest.Adapter, Version=10.0.0.0, Culture=neutral, PublicKeyToken=b03f5f7f11d50a3a" className="Web.Generics.Tests.UserInterface_Grids, Web.Generics.Tests, Version=1.0.0.0, Culture=neutral, PublicKeyToken=null" name="Paging" />
    </UnitTest>
    <UnitTest name="Log_With_Aspect" storage="e:\users\raphael.cruzeiro\documents\projects\open\web.generics\web.generics.tests\bin\debug\web.generics.tests.dll" id="b6819492-f9db-dcf2-0ded-3161c5b9aa32">
      <Execution id="0db0e03f-2539-44fc-940b-663a96f2f6a0" />
      <TestMethod codeBase="E:/Users/raphael.cruzeiro/Documents/Projects/open/Web.Generics/Web.Generics.Tests/bin/Debug/Web.Generics.Tests.DLL" adapterTypeName="Microsoft.VisualStudio.TestTools.TestTypes.Unit.UnitTestAdapter, Microsoft.VisualStudio.QualityTools.Tips.UnitTest.Adapter, Version=10.0.0.0, Culture=neutral, PublicKeyToken=b03f5f7f11d50a3a" className="Web.Generics.Tests.Infrastructure_Logging_Tests, Web.Generics.Tests, Version=1.0.0.0, Culture=neutral, PublicKeyToken=null" name="Log_With_Aspect" />
    </UnitTest>
    <UnitTest name="Default_paginginfo_is_pageindex_1_and_pagesize_10_with_paging_disabled" storage="e:\users\raphael.cruzeiro\documents\projects\open\web.generics\web.generics.tests\bin\debug\web.generics.tests.dll" id="a7821dd2-9252-958d-d6a8-4c25750f0215">
      <Execution id="60fad51e-1051-4af9-a294-d0ba652f1992" />
      <TestMethod codeBase="E:/Users/raphael.cruzeiro/Documents/Projects/open/Web.Generics/Web.Generics.Tests/bin/Debug/Web.Generics.Tests.DLL" adapterTypeName="Microsoft.VisualStudio.TestTools.TestTypes.Unit.UnitTestAdapter, Microsoft.VisualStudio.QualityTools.Tips.UnitTest.Adapter, Version=10.0.0.0, Culture=neutral, PublicKeyToken=b03f5f7f11d50a3a" className="Web.Generics.Tests.UserInterface.Given_a_repository_with_7_elements, Web.Generics.Tests, Version=1.0.0.0, Culture=neutral, PublicKeyToken=null" name="Default_paginginfo_is_pageindex_1_and_pagesize_10_with_paging_disabled" />
    </UnitTest>
    <UnitTest name="Add_Comment_In_Post" storage="e:\users\raphael.cruzeiro\documents\projects\open\web.generics\web.generics.tests\bin\debug\web.generics.tests.dll" id="b4297581-ff1b-3999-5fd8-95b6036938c0">
      <Execution id="de0381a6-cef6-48ec-afda-733b7c05ad87" />
      <TestMethod codeBase="E:/Users/raphael.cruzeiro/Documents/Projects/open/Web.Generics/Web.Generics.Tests/bin/Debug/Web.Generics.Tests.DLL" adapterTypeName="Microsoft.VisualStudio.TestTools.TestTypes.Unit.UnitTestAdapter, Microsoft.VisualStudio.QualityTools.Tips.UnitTest.Adapter, Version=10.0.0.0, Culture=neutral, PublicKeyToken=b03f5f7f11d50a3a" className="Inspira.Blog.Tests.Blog_Services, Web.Generics.Tests, Version=1.0.0.0, Culture=neutral, PublicKeyToken=null" name="Add_Comment_In_Post" />
    </UnitTest>
    <UnitTest name="InsertPostWithExistingTagsAndComments" storage="e:\users\raphael.cruzeiro\documents\projects\open\web.generics\web.generics.tests\bin\debug\web.generics.tests.dll" id="a2c49a2b-d39d-2796-5d55-e3bc20513b27">
      <Execution id="2c292fde-b2a3-4e8b-9e82-bc59054d1055" />
      <TestMethod codeBase="E:/Users/raphael.cruzeiro/Documents/Projects/open/Web.Generics/Web.Generics.Tests/bin/Debug/Web.Generics.Tests.DLL" adapterTypeName="Microsoft.VisualStudio.TestTools.TestTypes.Unit.UnitTestAdapter, Microsoft.VisualStudio.QualityTools.Tips.UnitTest.Adapter, Version=10.0.0.0, Culture=neutral, PublicKeyToken=b03f5f7f11d50a3a" className="Web.Generics.Tests.Infrastructure_Repository_Tests, Web.Generics.Tests, Version=1.0.0.0, Culture=neutral, PublicKeyToken=null" name="InsertPostWithExistingTagsAndComments" />
    </UnitTest>
    <UnitTest name="Pagesize_10_and_pageindex_2_must_yield_page_1" storage="e:\users\raphael.cruzeiro\documents\projects\open\web.generics\web.generics.tests\bin\debug\web.generics.tests.dll" id="4e379a55-99f6-73bf-d87b-986cf08e255e">
      <Execution id="ea3cd095-f44c-4858-890b-28a79c979822" />
      <TestMethod codeBase="E:/Users/raphael.cruzeiro/Documents/Projects/open/Web.Generics/Web.Generics.Tests/bin/Debug/Web.Generics.Tests.DLL" adapterTypeName="Microsoft.VisualStudio.TestTools.TestTypes.Unit.UnitTestAdapter, Microsoft.VisualStudio.QualityTools.Tips.UnitTest.Adapter, Version=10.0.0.0, Culture=neutral, PublicKeyToken=b03f5f7f11d50a3a" className="Web.Generics.Tests.UserInterface.Given_a_repository_with_7_elements, Web.Generics.Tests, Version=1.0.0.0, Culture=neutral, PublicKeyToken=null" name="Pagesize_10_and_pageindex_2_must_yield_page_1" />
    </UnitTest>
    <UnitTest name="Pagesize_2_and_pageindex_2_order_by_ID_asc_yields_ids_3_and_4" storage="e:\users\raphael.cruzeiro\documents\projects\open\web.generics\web.generics.tests\bin\debug\web.generics.tests.dll" id="373d2bfa-dc22-934f-5046-20f337ec11ab">
      <Execution id="fb95602a-fe45-4792-abee-d10beecd09c4" />
      <TestMethod codeBase="E:/Users/raphael.cruzeiro/Documents/Projects/open/Web.Generics/Web.Generics.Tests/bin/Debug/Web.Generics.Tests.DLL" adapterTypeName="Microsoft.VisualStudio.TestTools.TestTypes.Unit.UnitTestAdapter, Microsoft.VisualStudio.QualityTools.Tips.UnitTest.Adapter, Version=10.0.0.0, Culture=neutral, PublicKeyToken=b03f5f7f11d50a3a" className="Web.Generics.Tests.UserInterface.Given_a_repository_with_7_elements, Web.Generics.Tests, Version=1.0.0.0, Culture=neutral, PublicKeyToken=null" name="Pagesize_2_and_pageindex_2_order_by_ID_asc_yields_ids_3_and_4" />
    </UnitTest>
    <UnitTest name="Show_Items_In_Grid" storage="e:\users\raphael.cruzeiro\documents\projects\open\web.generics\web.generics.tests\bin\debug\web.generics.tests.dll" id="51ec1ccd-48f5-8524-1192-acdbaed7610f">
      <Execution id="d5fedd8e-39ff-4bd1-b9f8-9684ffc83351" />
      <TestMethod codeBase="E:/Users/raphael.cruzeiro/Documents/Projects/open/Web.Generics/Web.Generics.Tests/bin/Debug/Web.Generics.Tests.DLL" adapterTypeName="Microsoft.VisualStudio.TestTools.TestTypes.Unit.UnitTestAdapter, Microsoft.VisualStudio.QualityTools.Tips.UnitTest.Adapter, Version=10.0.0.0, Culture=neutral, PublicKeyToken=b03f5f7f11d50a3a" className="Web.Generics.Tests.UserInterface_Grids, Web.Generics.Tests, Version=1.0.0.0, Culture=neutral, PublicKeyToken=null" name="Show_Items_In_Grid" />
    </UnitTest>
    <UnitTest name="InsertPostWithNewTagsAndComments" storage="e:\users\raphael.cruzeiro\documents\projects\open\web.generics\web.generics.tests\bin\debug\web.generics.tests.dll" id="ca9b6d7d-c72c-ffd4-9266-ae65f3adb659">
      <Execution id="48563404-c4ec-4dc1-83aa-db89acb2d518" />
      <TestMethod codeBase="E:/Users/raphael.cruzeiro/Documents/Projects/open/Web.Generics/Web.Generics.Tests/bin/Debug/Web.Generics.Tests.DLL" adapterTypeName="Microsoft.VisualStudio.TestTools.TestTypes.Unit.UnitTestAdapter, Microsoft.VisualStudio.QualityTools.Tips.UnitTest.Adapter, Version=10.0.0.0, Culture=neutral, PublicKeyToken=b03f5f7f11d50a3a" className="Web.Generics.Tests.Infrastructure_Repository_Tests, Web.Generics.Tests, Version=1.0.0.0, Culture=neutral, PublicKeyToken=null" name="InsertPostWithNewTagsAndComments" />
    </UnitTest>
    <UnitTest name="Order_by_ID_desc_must_return_7_items_in_descending_order" storage="e:\users\raphael.cruzeiro\documents\projects\open\web.generics\web.generics.tests\bin\debug\web.generics.tests.dll" id="2c5bb296-3514-19d6-f667-9488bbac924d">
      <Execution id="756de952-8851-4904-babb-71d92733b9ef" />
      <TestMethod codeBase="E:/Users/raphael.cruzeiro/Documents/Projects/open/Web.Generics/Web.Generics.Tests/bin/Debug/Web.Generics.Tests.DLL" adapterTypeName="Microsoft.VisualStudio.TestTools.TestTypes.Unit.UnitTestAdapter, Microsoft.VisualStudio.QualityTools.Tips.UnitTest.Adapter, Version=10.0.0.0, Culture=neutral, PublicKeyToken=b03f5f7f11d50a3a" className="Web.Generics.Tests.UserInterface.Given_a_repository_with_7_elements, Web.Generics.Tests, Version=1.0.0.0, Culture=neutral, PublicKeyToken=null" name="Order_by_ID_desc_must_return_7_items_in_descending_order" />
    </UnitTest>
  </TestDefinitions>
  <TestLists>
    <TestList name="Results Not in a List" id="8c84fa94-04c1-424b-9868-57a2d4851a1d" />
    <TestList name="All Loaded Results" id="19431567-8539-422a-85d7-44ee4e166bda" />
  </TestLists>
  <TestEntries>
    <TestEntry testId="168fbeca-bfc1-581c-b9ec-3c4572d00ed1" executionId="d9781b32-2725-4426-b900-4471f6199753" testListId="8c84fa94-04c1-424b-9868-57a2d4851a1d" />
    <TestEntry testId="1e6af77b-1d3b-9555-806e-265331e477a5" executionId="3ee82aa6-89c8-4a98-b482-4207810a8086" testListId="8c84fa94-04c1-424b-9868-57a2d4851a1d" />
    <TestEntry testId="20883c91-712f-7bd9-84c5-0e6b4f0b789d" executionId="bdf5cadf-c59e-44e1-acb4-faa2783bb69c" testListId="8c84fa94-04c1-424b-9868-57a2d4851a1d" />
    <TestEntry testId="26b86960-9ce0-9813-79f0-22eb253ddaa4" executionId="13d0692e-7216-4743-89bc-e11ad9cc5869" testListId="8c84fa94-04c1-424b-9868-57a2d4851a1d" />
    <TestEntry testId="2bbbf406-154d-cfeb-98b8-963991468c1d" executionId="b6947145-92f4-42bc-bc0a-80d48de56bc2" testListId="8c84fa94-04c1-424b-9868-57a2d4851a1d" />
    <TestEntry testId="2c5bb296-3514-19d6-f667-9488bbac924d" executionId="756de952-8851-4904-babb-71d92733b9ef" testListId="8c84fa94-04c1-424b-9868-57a2d4851a1d" />
    <TestEntry testId="32bcb943-d87d-582b-883d-16c950347d82" executionId="030347aa-a6d1-4919-8589-6b02dce0e3dc" testListId="8c84fa94-04c1-424b-9868-57a2d4851a1d" />
    <TestEntry testId="373d2bfa-dc22-934f-5046-20f337ec11ab" executionId="fb95602a-fe45-4792-abee-d10beecd09c4" testListId="8c84fa94-04c1-424b-9868-57a2d4851a1d" />
    <TestEntry testId="3dd40f28-a6cf-b821-cc15-2eeb654b586d" executionId="0d20e988-f1b6-4025-979c-a4ee763432af" testListId="8c84fa94-04c1-424b-9868-57a2d4851a1d" />
    <TestEntry testId="4e379a55-99f6-73bf-d87b-986cf08e255e" executionId="ea3cd095-f44c-4858-890b-28a79c979822" testListId="8c84fa94-04c1-424b-9868-57a2d4851a1d" />
    <TestEntry testId="51ec1ccd-48f5-8524-1192-acdbaed7610f" executionId="d5fedd8e-39ff-4bd1-b9f8-9684ffc83351" testListId="8c84fa94-04c1-424b-9868-57a2d4851a1d" />
    <TestEntry testId="62e7782a-96ba-f050-32e7-bd90d51e8098" executionId="c007382b-2525-487c-b527-e7dd3bbc7d6a" testListId="8c84fa94-04c1-424b-9868-57a2d4851a1d" />
    <TestEntry testId="6631986b-0730-1229-232f-35d009da40d6" executionId="4c02735a-39ab-42e2-a389-c736a8ce9677" testListId="8c84fa94-04c1-424b-9868-57a2d4851a1d" />
    <TestEntry testId="6d4cc1b8-84b5-98a2-bb17-b334fc688462" executionId="2749ffcf-a323-4dbe-9fd8-ab46d5262207" testListId="8c84fa94-04c1-424b-9868-57a2d4851a1d" />
    <TestEntry testId="700866d8-e2eb-49cb-74d4-1ae85ea12f69" executionId="c58892ba-e5cb-40b2-b229-3ae822e17714" testListId="8c84fa94-04c1-424b-9868-57a2d4851a1d" />
    <TestEntry testId="8aafd531-d21c-00a8-ee90-e1b37e3a3694" executionId="53884ea9-047d-4d9b-8ec3-8e0a4a4f3481" testListId="8c84fa94-04c1-424b-9868-57a2d4851a1d" />
    <TestEntry testId="9fc42f36-ca29-aff9-0c1e-58648d096479" executionId="375b5740-7844-47eb-95d5-c5471b1649f4" testListId="8c84fa94-04c1-424b-9868-57a2d4851a1d" />
    <TestEntry testId="a2c49a2b-d39d-2796-5d55-e3bc20513b27" executionId="2c292fde-b2a3-4e8b-9e82-bc59054d1055" testListId="8c84fa94-04c1-424b-9868-57a2d4851a1d" />
    <TestEntry testId="a7821dd2-9252-958d-d6a8-4c25750f0215" executionId="60fad51e-1051-4af9-a294-d0ba652f1992" testListId="8c84fa94-04c1-424b-9868-57a2d4851a1d" />
    <TestEntry testId="aac57191-7373-4d93-174a-e11b361b9a1b" executionId="0332599e-912a-43f1-b60e-72329703ee2e" testListId="8c84fa94-04c1-424b-9868-57a2d4851a1d" />
    <TestEntry testId="afec351d-c5bd-e807-4f9f-6c708da25c8f" executionId="23c17b60-3d78-465d-8f60-77a06b246a12" testListId="8c84fa94-04c1-424b-9868-57a2d4851a1d" />
    <TestEntry testId="b4297581-ff1b-3999-5fd8-95b6036938c0" executionId="de0381a6-cef6-48ec-afda-733b7c05ad87" testListId="8c84fa94-04c1-424b-9868-57a2d4851a1d" />
    <TestEntry testId="b6819492-f9db-dcf2-0ded-3161c5b9aa32" executionId="0db0e03f-2539-44fc-940b-663a96f2f6a0" testListId="8c84fa94-04c1-424b-9868-57a2d4851a1d" />
    <TestEntry testId="ca9b6d7d-c72c-ffd4-9266-ae65f3adb659" executionId="48563404-c4ec-4dc1-83aa-db89acb2d518" testListId="8c84fa94-04c1-424b-9868-57a2d4851a1d" />
    <TestEntry testId="e7a87bf2-4851-5b1c-7df0-92fdcafd03ca" executionId="214c3b24-216b-4e31-8715-aaed4a3b5718" testListId="8c84fa94-04c1-424b-9868-57a2d4851a1d" />
    <TestEntry testId="e8e3591b-e3ff-7a0c-2871-7ffb31567b9f" executionId="ce5f5d08-31d0-442e-97f5-6d4b2ff3429a" testListId="8c84fa94-04c1-424b-9868-57a2d4851a1d" />
    <TestEntry testId="ef70adab-cbca-46bf-0d19-52da0a032597" executionId="6185a7b2-4b9f-4eb1-a63f-9b97560049ca" testListId="8c84fa94-04c1-424b-9868-57a2d4851a1d" />
  </TestEntries>
  <Results>
    <UnitTestResult executionId="d9781b32-2725-4426-b900-4471f6199753" testId="168fbeca-bfc1-581c-b9ec-3c4572d00ed1" testName="Search_with_null_parameters_must_return_all_7_rows" computerName="PIANO" duration="00:00:00.0286891" startTime="2010-10-25T17:50:35.1006295-02:00" endTime="2010-10-25T17:50:36.3359020-02:00" testType="13cdc9d9-ddb5-4fa4-a97d-d965ccfc6d4b" outcome="Passed" testListId="8c84fa94-04c1-424b-9868-57a2d4851a1d" relativeResultsDirectory="d9781b32-2725-4426-b900-4471f6199753">
    </UnitTestResult>
    <UnitTestResult executionId="3ee82aa6-89c8-4a98-b482-4207810a8086" testId="1e6af77b-1d3b-9555-806e-265331e477a5" testName="Insert_child_does_not_load_children" computerName="PIANO" duration="00:00:07.5844755" startTime="2010-10-25T17:50:36.3427375-02:00" endTime="2010-10-25T17:50:43.9272130-02:00" testType="13cdc9d9-ddb5-4fa4-a97d-d965ccfc6d4b" outcome="Aborted" testListId="8c84fa94-04c1-424b-9868-57a2d4851a1d" relativeResultsDirectory="3ee82aa6-89c8-4a98-b482-4207810a8086">
    </UnitTestResult>
    <UnitTestResult executionId="bdf5cadf-c59e-44e1-acb4-faa2783bb69c" testId="20883c91-712f-7bd9-84c5-0e6b4f0b789d" testName="Default_sortinginfo_is_null_property_ascending_with_sorting_disabled" computerName="PIANO" testType="13cdc9d9-ddb5-4fa4-a97d-d965ccfc6d4b" outcome="NotExecuted" testListId="8c84fa94-04c1-424b-9868-57a2d4851a1d" relativeResultsDirectory="bdf5cadf-c59e-44e1-acb4-faa2783bb69c">
    </UnitTestResult>
    <UnitTestResult executionId="13d0692e-7216-4743-89bc-e11ad9cc5869" testId="26b86960-9ce0-9813-79f0-22eb253ddaa4" testName="Register_Interface_And_Resolve_To_Implementation_Without_Chaining" computerName="PIANO" testType="13cdc9d9-ddb5-4fa4-a97d-d965ccfc6d4b" outcome="NotExecuted" testListId="8c84fa94-04c1-424b-9868-57a2d4851a1d" relativeResultsDirectory="13d0692e-7216-4743-89bc-e11ad9cc5869">
    </UnitTestResult>
    <UnitTestResult executionId="b6947145-92f4-42bc-bc0a-80d48de56bc2" testId="2bbbf406-154d-cfeb-98b8-963991468c1d" testName="Pagesize_10_and_pageindex_1_must_return_7_rows" computerName="PIANO" testType="13cdc9d9-ddb5-4fa4-a97d-d965ccfc6d4b" outcome="NotExecuted" testListId="8c84fa94-04c1-424b-9868-57a2d4851a1d" relativeResultsDirectory="b6947145-92f4-42bc-bc0a-80d48de56bc2">
    </UnitTestResult>
    <UnitTestResult executionId="756de952-8851-4904-babb-71d92733b9ef" testId="2c5bb296-3514-19d6-f667-9488bbac924d" testName="Order_by_ID_desc_must_return_7_items_in_descending_order" computerName="PIANO" testType="13cdc9d9-ddb5-4fa4-a97d-d965ccfc6d4b" outcome="NotExecuted" testListId="8c84fa94-04c1-424b-9868-57a2d4851a1d" relativeResultsDirectory="756de952-8851-4904-babb-71d92733b9ef">
    </UnitTestResult>
    <UnitTestResult executionId="030347aa-a6d1-4919-8589-6b02dce0e3dc" testId="32bcb943-d87d-582b-883d-16c950347d82" testName="Register_with_existing_username_returns_ExistingUsername_state" computerName="PIANO" testType="13cdc9d9-ddb5-4fa4-a97d-d965ccfc6d4b" outcome="NotExecuted" testListId="8c84fa94-04c1-424b-9868-57a2d4851a1d" relativeResultsDirectory="030347aa-a6d1-4919-8589-6b02dce0e3dc">
    </UnitTestResult>
    <UnitTestResult executionId="fb95602a-fe45-4792-abee-d10beecd09c4" testId="373d2bfa-dc22-934f-5046-20f337ec11ab" testName="Pagesize_2_and_pageindex_2_order_by_ID_asc_yields_ids_3_and_4" computerName="PIANO" testType="13cdc9d9-ddb5-4fa4-a97d-d965ccfc6d4b" outcome="NotExecuted" testListId="8c84fa94-04c1-424b-9868-57a2d4851a1d" relativeResultsDirectory="fb95602a-fe45-4792-abee-d10beecd09c4">
    </UnitTestResult>
    <UnitTestResult executionId="0d20e988-f1b6-4025-979c-a4ee763432af" testId="3dd40f28-a6cf-b821-cc15-2eeb654b586d" testName="Log" computerName="PIANO" testType="13cdc9d9-ddb5-4fa4-a97d-d965ccfc6d4b" outcome="NotExecuted" testListId="8c84fa94-04c1-424b-9868-57a2d4851a1d" relativeResultsDirectory="0d20e988-f1b6-4025-979c-a4ee763432af">
    </UnitTestResult>
    <UnitTestResult executionId="ea3cd095-f44c-4858-890b-28a79c979822" testId="4e379a55-99f6-73bf-d87b-986cf08e255e" testName="Pagesize_10_and_pageindex_2_must_yield_page_1" computerName="PIANO" testType="13cdc9d9-ddb5-4fa4-a97d-d965ccfc6d4b" outcome="NotExecuted" testListId="8c84fa94-04c1-424b-9868-57a2d4851a1d" relativeResultsDirectory="ea3cd095-f44c-4858-890b-28a79c979822">
    </UnitTestResult>
    <UnitTestResult executionId="d5fedd8e-39ff-4bd1-b9f8-9684ffc83351" testId="51ec1ccd-48f5-8524-1192-acdbaed7610f" testName="Show_Items_In_Grid" computerName="PIANO" testType="13cdc9d9-ddb5-4fa4-a97d-d965ccfc6d4b" outcome="NotExecuted" testListId="8c84fa94-04c1-424b-9868-57a2d4851a1d" relativeResultsDirectory="d5fedd8e-39ff-4bd1-b9f8-9684ffc83351">
    </UnitTestResult>
    <UnitTestResult executionId="c007382b-2525-487c-b527-e7dd3bbc7d6a" testId="62e7782a-96ba-f050-32e7-bd90d51e8098" testName="Register_with_valid_data_inserts_user_into_database_and_returns_them" computerName="PIANO" testType="13cdc9d9-ddb5-4fa4-a97d-d965ccfc6d4b" outcome="NotExecuted" testListId="8c84fa94-04c1-424b-9868-57a2d4851a1d" relativeResultsDirectory="c007382b-2525-487c-b527-e7dd3bbc7d6a">
    </UnitTestResult>
    <UnitTestResult executionId="4c02735a-39ab-42e2-a389-c736a8ce9677" testId="6631986b-0730-1229-232f-35d009da40d6" testName="Paging" computerName="PIANO" testType="13cdc9d9-ddb5-4fa4-a97d-d965ccfc6d4b" outcome="NotExecuted" testListId="8c84fa94-04c1-424b-9868-57a2d4851a1d" relativeResultsDirectory="4c02735a-39ab-42e2-a389-c736a8ce9677">
    </UnitTestResult>
    <UnitTestResult executionId="2749ffcf-a323-4dbe-9fd8-ab46d5262207" testId="6d4cc1b8-84b5-98a2-bb17-b334fc688462" testName="All_null_parameters_brings_all_values" computerName="PIANO" testType="13cdc9d9-ddb5-4fa4-a97d-d965ccfc6d4b" outcome="NotExecuted" testListId="8c84fa94-04c1-424b-9868-57a2d4851a1d" relativeResultsDirectory="2749ffcf-a323-4dbe-9fd8-ab46d5262207">
    </UnitTestResult>
    <UnitTestResult executionId="c58892ba-e5cb-40b2-b229-3ae822e17714" testId="700866d8-e2eb-49cb-74d4-1ae85ea12f69" testName="Resolve_Controller_With_Generic_Controller_And_Specific_ViewModel" computerName="PIANO" testType="13cdc9d9-ddb5-4fa4-a97d-d965ccfc6d4b" outcome="NotExecuted" testListId="8c84fa94-04c1-424b-9868-57a2d4851a1d" relativeResultsDirectory="c58892ba-e5cb-40b2-b229-3ae822e17714">
    </UnitTestResult>
    <UnitTestResult executionId="53884ea9-047d-4d9b-8ec3-8e0a4a4f3481" testId="8aafd531-d21c-00a8-ee90-e1b37e3a3694" testName="List_Posts_By_Date_Range" computerName="PIANO" testType="13cdc9d9-ddb5-4fa4-a97d-d965ccfc6d4b" outcome="NotExecuted" testListId="8c84fa94-04c1-424b-9868-57a2d4851a1d" relativeResultsDirectory="53884ea9-047d-4d9b-8ec3-8e0a4a4f3481">
    </UnitTestResult>
    <UnitTestResult executionId="375b5740-7844-47eb-95d5-c5471b1649f4" testId="9fc42f36-ca29-aff9-0c1e-58648d096479" testName="Resolve_Controller_With_Generic_Implementations" computerName="PIANO" testType="13cdc9d9-ddb5-4fa4-a97d-d965ccfc6d4b" outcome="NotExecuted" testListId="8c84fa94-04c1-424b-9868-57a2d4851a1d" relativeResultsDirectory="375b5740-7844-47eb-95d5-c5471b1649f4">
    </UnitTestResult>
    <UnitTestResult executionId="2c292fde-b2a3-4e8b-9e82-bc59054d1055" testId="a2c49a2b-d39d-2796-5d55-e3bc20513b27" testName="InsertPostWithExistingTagsAndComments" computerName="PIANO" testType="13cdc9d9-ddb5-4fa4-a97d-d965ccfc6d4b" outcome="NotExecuted" testListId="8c84fa94-04c1-424b-9868-57a2d4851a1d" relativeResultsDirectory="2c292fde-b2a3-4e8b-9e82-bc59054d1055">
    </UnitTestResult>
    <UnitTestResult executionId="60fad51e-1051-4af9-a294-d0ba652f1992" testId="a7821dd2-9252-958d-d6a8-4c25750f0215" testName="Default_paginginfo_is_pageindex_1_and_pagesize_10_with_paging_disabled" computerName="PIANO" testType="13cdc9d9-ddb5-4fa4-a97d-d965ccfc6d4b" outcome="NotExecuted" testListId="8c84fa94-04c1-424b-9868-57a2d4851a1d" relativeResultsDirectory="60fad51e-1051-4af9-a294-d0ba652f1992">
    </UnitTestResult>
    <UnitTestResult executionId="0332599e-912a-43f1-b60e-72329703ee2e" testId="aac57191-7373-4d93-174a-e11b361b9a1b" testName="Insert_child_does_not_load_children_v2" computerName="PIANO" testType="13cdc9d9-ddb5-4fa4-a97d-d965ccfc6d4b" outcome="NotExecuted" testListId="8c84fa94-04c1-424b-9868-57a2d4851a1d" relativeResultsDirectory="0332599e-912a-43f1-b60e-72329703ee2e">
    </UnitTestResult>
    <UnitTestResult executionId="23c17b60-3d78-465d-8f60-77a06b246a12" testId="afec351d-c5bd-e807-4f9f-6c708da25c8f" testName="InsertPostWithNullableProperty" computerName="PIANO" testType="13cdc9d9-ddb5-4fa4-a97d-d965ccfc6d4b" outcome="NotExecuted" testListId="8c84fa94-04c1-424b-9868-57a2d4851a1d" relativeResultsDirectory="23c17b60-3d78-465d-8f60-77a06b246a12">
    </UnitTestResult>
    <UnitTestResult executionId="de0381a6-cef6-48ec-afda-733b7c05ad87" testId="b4297581-ff1b-3999-5fd8-95b6036938c0" testName="Add_Comment_In_Post" computerName="PIANO" testType="13cdc9d9-ddb5-4fa4-a97d-d965ccfc6d4b" outcome="NotExecuted" testListId="8c84fa94-04c1-424b-9868-57a2d4851a1d" relativeResultsDirectory="de0381a6-cef6-48ec-afda-733b7c05ad87">
    </UnitTestResult>
    <UnitTestResult executionId="0db0e03f-2539-44fc-940b-663a96f2f6a0" testId="b6819492-f9db-dcf2-0ded-3161c5b9aa32" testName="Log_With_Aspect" computerName="PIANO" testType="13cdc9d9-ddb5-4fa4-a97d-d965ccfc6d4b" outcome="NotExecuted" testListId="8c84fa94-04c1-424b-9868-57a2d4851a1d" relativeResultsDirectory="0db0e03f-2539-44fc-940b-663a96f2f6a0">
    </UnitTestResult>
    <UnitTestResult executionId="48563404-c4ec-4dc1-83aa-db89acb2d518" testId="ca9b6d7d-c72c-ffd4-9266-ae65f3adb659" testName="InsertPostWithNewTagsAndComments" computerName="PIANO" testType="13cdc9d9-ddb5-4fa4-a97d-d965ccfc6d4b" outcome="NotExecuted" testListId="8c84fa94-04c1-424b-9868-57a2d4851a1d" relativeResultsDirectory="48563404-c4ec-4dc1-83aa-db89acb2d518">
    </UnitTestResult>
    <UnitTestResult executionId="214c3b24-216b-4e31-8715-aaed4a3b5718" testId="e7a87bf2-4851-5b1c-7df0-92fdcafd03ca" testName="Resolve_Controller_With_Specific_Controller_And_ViewModel" computerName="PIANO" testType="13cdc9d9-ddb5-4fa4-a97d-d965ccfc6d4b" outcome="NotExecuted" testListId="8c84fa94-04c1-424b-9868-57a2d4851a1d" relativeResultsDirectory="214c3b24-216b-4e31-8715-aaed4a3b5718">
    </UnitTestResult>
    <UnitTestResult executionId="ce5f5d08-31d0-442e-97f5-6d4b2ff3429a" testId="e8e3591b-e3ff-7a0c-2871-7ffb31567b9f" testName="SelectWithLambdaExpressions" computerName="PIANO" testType="13cdc9d9-ddb5-4fa4-a97d-d965ccfc6d4b" outcome="NotExecuted" testListId="8c84fa94-04c1-424b-9868-57a2d4851a1d" relativeResultsDirectory="ce5f5d08-31d0-442e-97f5-6d4b2ff3429a">
    </UnitTestResult>
    <UnitTestResult executionId="6185a7b2-4b9f-4eb1-a63f-9b97560049ca" testId="ef70adab-cbca-46bf-0d19-52da0a032597" testName="Resolve_With_Chaining" computerName="PIANO" testType="13cdc9d9-ddb5-4fa4-a97d-d965ccfc6d4b" outcome="NotExecuted" testListId="8c84fa94-04c1-424b-9868-57a2d4851a1d" relativeResultsDirectory="6185a7b2-4b9f-4eb1-a63f-9b97560049ca">
    </UnitTestResult>
  </Results>
</TestRun>