<?xml version="1.0" encoding="UTF-8"?>
<TestRun id="200a3222-3e7f-44f7-93d2-eef1f1ebd6f6" name="thiago.alves@CLARINETE 2010-10-25 19:56:05" runUser="Clarinete\thiago.alves" xmlns="http://microsoft.com/schemas/VisualStudio/TeamTest/2010">
  <TestSettings name="Default Test Settings" id="20e092b2-4887-4434-8385-594d0120b14a">
    <Deployment runDeploymentRoot="thiago.alves_CLARINETE 2010-10-25 19_56_05">
      <DeploymentItem filename="C:\Users\thiago.alves\Projects\Web.Generics\lib\NHibernate\System.Data.SQLite.dll" />
      <DeploymentItem filename="C:\Users\thiago.alves\Projects\Web.Generics\Inspira.Blog.DomainModel\bin\Debug\Inspira.Blog.DomainModel.dll" />
      <DeploymentItem filename="C:\Users\thiago.alves\Projects\Web.Generics\lib\NHibernate\log4net.dll" />
      <DeploymentItem filename="C:\Users\thiago.alves\Projects\Web.Generics\lib\NHibernate\NHibernate.dll" />
      <DeploymentItem filename="C:\Users\thiago.alves\Projects\Web.Generics\Web.Generics\bin\Debug\Web.Generics.dll" />
      <DeploymentItem filename="C:\Users\thiago.alves\Projects\Web.Generics\lib\NHibernate\NHibernate.ByteCode.LinFu.dll" />
      <DeploymentItem filename="C:\Users\thiago.alves\Projects\Web.Generics\lib\NHibernate\Antlr3.Runtime.dll" />
      <DeploymentItem filename="C:\Users\thiago.alves\Projects\Web.Generics\Web.Generics.Web\bin\Debug\Web.Generics.Web.dll" />
      <DeploymentItem filename="C:\Users\thiago.alves\Projects\Web.Generics\Web.Generics.Futures\bin\Debug\Web.Generics.Futures.dll" />
      <DeploymentItem filename="C:\Users\thiago.alves\Projects\Web.Generics\Inspira.Blog\bin\Debug\Inspira.Blog.dll" />
      <DeploymentItem filename="C:\Users\thiago.alves\Projects\Web.Generics\lib\NHibernate\Iesi.Collections.dll" />
      <DeploymentItem filename="C:\Users\thiago.alves\Projects\Web.Generics\lib\Moq\Moq.dll" />
      <DeploymentItem filename="C:\Users\thiago.alves\Projects\Web.Generics\Web.Generics.WebMvc\bin\Debug\Web.Generics.WebMvc.dll" />
      <DeploymentItem filename="C:\Users\thiago.alves\Projects\Web.Generics\lib\NHibernate\FluentNHibernate.dll" />
    </Deployment>
    <Execution>
      <TestTypeSpecific />
      <AgentRule name="Execution Agents">
      </AgentRule>
    </Execution>
  </TestSettings>
  <Times creation="2010-10-25T19:56:05.9215722-02:00" queuing="2010-10-25T19:56:06.1025826-02:00" start="2010-10-25T19:56:06.1085829-02:00" finish="2010-10-25T19:56:06.3755982-02:00" />
  <ResultSummary outcome="Warning">
    <Counters total="4" executed="4" passed="4" error="0" failed="0" timeout="0" aborted="0" inconclusive="0" passedButRunAborted="0" notRunnable="0" notExecuted="0" disconnected="0" warning="0" completed="0" inProgress="0" pending="0" />
    <RunInfos>
      <RunInfo computerName="CLARINETE" outcome="Warning" timestamp="2010-10-25T19:56:06.1025826-02:00">
        <Text>Warning: Test Run deployment issue: The assembly or module 'Microsoft.Practices.ServiceLocation' directly or indirectly referenced by the test container 'c:\users\thiago.alves\projects\web.generics\web.generics.tests\bin\debug\web.generics.tests.dll' was not found.</Text>
      </RunInfo>
    </RunInfos>
  </ResultSummary>
  <TestDefinitions>
    <UnitTest name="Create_gridcolumns_4_items" storage="c:\users\thiago.alves\projects\web.generics\web.generics.tests\bin\debug\web.generics.tests.dll" id="66c54571-61e8-ed34-7b37-ad9ef9e40030">
      <Execution id="8b253c1e-79dc-4c84-b6b6-88c0e06424f9" />
      <TestMethod codeBase="C:/Users/thiago.alves/Projects/Web.Generics/Web.Generics.Tests/bin/Debug/Web.Generics.Tests.DLL" adapterTypeName="Microsoft.VisualStudio.TestTools.TestTypes.Unit.UnitTestAdapter, Microsoft.VisualStudio.QualityTools.Tips.UnitTest.Adapter, Version=10.0.0.0, Culture=neutral, PublicKeyToken=b03f5f7f11d50a3a" className="Web.Generics.Tests.UserInterface.GridTests, Web.Generics.Tests, Version=1.0.0.0, Culture=neutral, PublicKeyToken=null" name="Create_gridcolumns_4_items" />
    </UnitTest>
    <UnitTest name="Create_gridcolumns_0_items" storage="c:\users\thiago.alves\projects\web.generics\web.generics.tests\bin\debug\web.generics.tests.dll" id="29cde594-6aec-d68e-3857-7a4b9d282a2c">
      <Execution id="cb34956a-847b-4c8e-8a0c-82868367d077" />
      <TestMethod codeBase="C:/Users/thiago.alves/Projects/Web.Generics/Web.Generics.Tests/bin/Debug/Web.Generics.Tests.DLL" adapterTypeName="Microsoft.VisualStudio.TestTools.TestTypes.Unit.UnitTestAdapter, Microsoft.VisualStudio.QualityTools.Tips.UnitTest.Adapter, Version=10.0.0.0, Culture=neutral, PublicKeyToken=b03f5f7f11d50a3a" className="Web.Generics.Tests.UserInterface.GridTests, Web.Generics.Tests, Version=1.0.0.0, Culture=neutral, PublicKeyToken=null" name="Create_gridcolumns_0_items" />
    </UnitTest>
    <UnitTest name="Create_gridcolumns_3_items" storage="c:\users\thiago.alves\projects\web.generics\web.generics.tests\bin\debug\web.generics.tests.dll" id="6bcac391-9788-10e8-747e-efef0cd644a3">
      <Execution id="02ccba0c-707d-4c70-aeea-cbea4d1cca8c" />
      <TestMethod codeBase="C:/Users/thiago.alves/Projects/Web.Generics/Web.Generics.Tests/bin/Debug/Web.Generics.Tests.DLL" adapterTypeName="Microsoft.VisualStudio.TestTools.TestTypes.Unit.UnitTestAdapter, Microsoft.VisualStudio.QualityTools.Tips.UnitTest.Adapter, Version=10.0.0.0, Culture=neutral, PublicKeyToken=b03f5f7f11d50a3a" className="Web.Generics.Tests.UserInterface.GridTests, Web.Generics.Tests, Version=1.0.0.0, Culture=neutral, PublicKeyToken=null" name="Create_gridcolumns_3_items" />
    </UnitTest>
    <UnitTest name="Create_gridcolumns_2_items" storage="c:\users\thiago.alves\projects\web.generics\web.generics.tests\bin\debug\web.generics.tests.dll" id="cb3eda27-b10b-b25b-3e1c-155f0c451f45">
      <Execution id="6bb86033-2c4a-472b-88fa-ab0a03d52800" />
      <TestMethod codeBase="C:/Users/thiago.alves/Projects/Web.Generics/Web.Generics.Tests/bin/Debug/Web.Generics.Tests.DLL" adapterTypeName="Microsoft.VisualStudio.TestTools.TestTypes.Unit.UnitTestAdapter, Microsoft.VisualStudio.QualityTools.Tips.UnitTest.Adapter, Version=10.0.0.0, Culture=neutral, PublicKeyToken=b03f5f7f11d50a3a" className="Web.Generics.Tests.UserInterface.GridTests, Web.Generics.Tests, Version=1.0.0.0, Culture=neutral, PublicKeyToken=null" name="Create_gridcolumns_2_items" />
    </UnitTest>
  </TestDefinitions>
  <TestLists>
    <TestList name="Results Not in a List" id="8c84fa94-04c1-424b-9868-57a2d4851a1d" />
    <TestList name="All Loaded Results" id="19431567-8539-422a-85d7-44ee4e166bda" />
  </TestLists>
  <TestEntries>
    <TestEntry testId="29cde594-6aec-d68e-3857-7a4b9d282a2c" executionId="cb34956a-847b-4c8e-8a0c-82868367d077" testListId="8c84fa94-04c1-424b-9868-57a2d4851a1d" />
    <TestEntry testId="66c54571-61e8-ed34-7b37-ad9ef9e40030" executionId="8b253c1e-79dc-4c84-b6b6-88c0e06424f9" testListId="8c84fa94-04c1-424b-9868-57a2d4851a1d" />
    <TestEntry testId="6bcac391-9788-10e8-747e-efef0cd644a3" executionId="02ccba0c-707d-4c70-aeea-cbea4d1cca8c" testListId="8c84fa94-04c1-424b-9868-57a2d4851a1d" />
    <TestEntry testId="cb3eda27-b10b-b25b-3e1c-155f0c451f45" executionId="6bb86033-2c4a-472b-88fa-ab0a03d52800" testListId="8c84fa94-04c1-424b-9868-57a2d4851a1d" />
  </TestEntries>
  <Results>
    <UnitTestResult executionId="cb34956a-847b-4c8e-8a0c-82868367d077" testId="29cde594-6aec-d68e-3857-7a4b9d282a2c" testName="Create_gridcolumns_0_items" computerName="CLARINETE" duration="00:00:00.0117159" startTime="2010-10-25T19:56:06.1105831-02:00" endTime="2010-10-25T19:56:06.3385961-02:00" testType="13cdc9d9-ddb5-4fa4-a97d-d965ccfc6d4b" outcome="Passed" testListId="8c84fa94-04c1-424b-9868-57a2d4851a1d" relativeResultsDirectory="cb34956a-847b-4c8e-8a0c-82868367d077">
    </UnitTestResult>
    <UnitTestResult executionId="8b253c1e-79dc-4c84-b6b6-88c0e06424f9" testId="66c54571-61e8-ed34-7b37-ad9ef9e40030" testName="Create_gridcolumns_4_items" computerName="CLARINETE" duration="00:00:00.0013966" startTime="2010-10-25T19:56:06.3395962-02:00" endTime="2010-10-25T19:56:06.3445964-02:00" testType="13cdc9d9-ddb5-4fa4-a97d-d965ccfc6d4b" outcome="Passed" testListId="8c84fa94-04c1-424b-9868-57a2d4851a1d" relativeResultsDirectory="8b253c1e-79dc-4c84-b6b6-88c0e06424f9">
    </UnitTestResult>
    <UnitTestResult executionId="02ccba0c-707d-4c70-aeea-cbea4d1cca8c" testId="6bcac391-9788-10e8-747e-efef0cd644a3" testName="Create_gridcolumns_3_items" computerName="CLARINETE" duration="00:00:00.0019121" startTime="2010-10-25T19:56:06.3485967-02:00" endTime="2010-10-25T19:56:06.3555971-02:00" testType="13cdc9d9-ddb5-4fa4-a97d-d965ccfc6d4b" outcome="Passed" testListId="8c84fa94-04c1-424b-9868-57a2d4851a1d" relativeResultsDirectory="02ccba0c-707d-4c70-aeea-cbea4d1cca8c">
    </UnitTestResult>
    <UnitTestResult executionId="6bb86033-2c4a-472b-88fa-ab0a03d52800" testId="cb3eda27-b10b-b25b-3e1c-155f0c451f45" testName="Create_gridcolumns_2_items" computerName="CLARINETE" duration="00:00:00.0002257" startTime="2010-10-25T19:56:06.3575972-02:00" endTime="2010-10-25T19:56:06.3615974-02:00" testType="13cdc9d9-ddb5-4fa4-a97d-d965ccfc6d4b" outcome="Passed" testListId="8c84fa94-04c1-424b-9868-57a2d4851a1d" relativeResultsDirectory="6bb86033-2c4a-472b-88fa-ab0a03d52800">
    </UnitTestResult>
  </Results>
</TestRun>